[2026-09-14 00:24:54,849] [INFO] [__main__] : SCRAPING DATA FROM https://umamusu.wiki/
[2026-09-14 00:24:55,630] [INFO] [__main__] : Fetching Character data for Admire Groove
[2026-09-14 00:24:56,286] [INFO] [__main__] : Fetching Character data for Admire Vega
[2026-09-14 00:24:57,271] [INFO] [__main__] : Fetching Character data for Agnes Digital
[2026-09-14 00:24:58,469] [INFO] [__main__] : Fetching Character data for Agnes Tachyon
[2026-09-14 00:24:59,368] [INFO] [__main__] : Fetching Character data for Air Groove
[2026-09-14 00:25:00,284] [INFO] [__main__] : Fetching Character data for Air Messiah
[2026-09-14 00:25:01,122] [INFO] [__main__] : Fetching Character data for Air Shakur
[2026-09-14 00:25:02,082] [INFO] [__main__] : Fetching Character data for Almond Eye
[2026-09-14 00:25:03,011] [INFO] [__main__] : Fetching Character data for Aston Machan
[2026-09-14 00:25:04,284] [INFO] [__main__] : Fetching Character data for Bamboo Memory
[2026-09-14 00:25:05,240] [INFO] [__main__] : Fetching Character data for Believe
[2026-09-14 00:25:06,191] [INFO] [__main__] : Fetching Character data for Biko Pegasus
[2026-09-14 00:25:07,088] [INFO] [__main__] : Fetching Character data for Biwa Hayahide
[2026-09-14 00:25:08,109] [INFO] [__main__] : Fetching Character data for Blast Onepiece
[2026-09-14 00:25:09,039] [INFO] [__main__] : Fetching Character data for Bubble Gum Fellow
[2026-09-14 00:25:09,903] [INFO] [__main__] : Fetching Character data for Buena Vista
[2026-09-14 00:25:11,001] [INFO] [__main__] : Fetching Character data for Calstone Light O
[2026-09-14 00:25:11,975] [INFO] [__main__] : Fetching Character data for Cesario
[2026-09-14 00:25:13,288] [INFO] [__main__] : Fetching Character data for Cheval Grand
[2026-09-14 00:25:14,250] [INFO] [__main__] : Fetching Character data for Chrono Genesis
[2026-09-14 00:25:15,128] [INFO] [__main__] : Fetching Character data for Copano Rickey
[2026-09-14 00:25:16,003] [INFO] [__main__] : Fetching Character data for Curren Bouquetd'or
[2026-09-14 00:25:17,204] [INFO] [__main__] : Fetching Character data for Curren Chan
[2026-09-14 00:25:18,159] [INFO] [__main__] : Fetching Character data for Daiichi Ruby
[2026-09-14 00:25:19,170] [INFO] [__main__] : Fetching Character data for Daitaku Helios
[2026-09-14 00:25:20,227] [INFO] [__main__] : Fetching Character data for Daiwa Scarlet
[2026-09-14 00:25:21,199] [INFO] [__main__] : Fetching Character data for Dantsu Flame
[2026-09-14 00:25:22,040] [INFO] [__main__] : Fetching Character data for Daring Heart
[2026-09-14 00:25:23,061] [INFO] [__main__] : Fetching Character data for Daring Tact
[2026-09-14 00:25:23,999] [INFO] [__main__] : Fetching Character data for Dream Journey
[2026-09-14 00:25:25,019] [INFO] [__main__] : Fetching Character data for Duramente
[2026-09-14 00:25:25,949] [INFO] [__main__] : Fetching Character data for Durandal
[2026-09-14 00:25:26,993] [INFO] [__main__] : Fetching Character data for Efforia
[2026-09-14 00:25:27,949] [INFO] [__main__] : Fetching Character data for Eishin Flash
[2026-09-14 00:25:28,988] [INFO] [__main__] : Fetching Character data for El Condor Pasa
[2026-09-14 00:25:30,147] [INFO] [__main__] : Fetching Character data for Epiphaneia
[2026-09-14 00:25:30,991] [INFO] [__main__] : Fetching Character data for Espoir City
[2026-09-14 00:25:32,076] [INFO] [__main__] : Fetching Character data for Fenomeno
[2026-09-14 00:25:33,072] [INFO] [__main__] : Fetching Character data for Fine Motion
[2026-09-14 00:25:34,016] [INFO] [__main__] : Fetching Character data for Forever Young
[2026-09-14 00:25:34,908] [INFO] [__main__] : Fetching Character data for Fuji Kiseki
[2026-09-14 00:25:35,836] [INFO] [__main__] : Fetching Character data for Furioso
[2026-09-14 00:25:36,772] [INFO] [__main__] : Fetching Character data for Fusaichi Pandora
[2026-09-14 00:25:37,921] [INFO] [__main__] : Fetching Character data for Gentildonna
[2026-09-14 00:25:39,612] [INFO] [__main__] : Fetching Character data for Genuine
[2026-09-14 00:25:40,843] [INFO] [__main__] : Fetching Character data for Gold City
[2026-09-14 00:25:41,831] [INFO] [__main__] : Fetching Character data for Gold Ship
[2026-09-14 00:25:42,760] [INFO] [__main__] : Fetching Character data for Gran Alegria
[2026-09-14 00:25:43,806] [INFO] [__main__] : Fetching Character data for Grass Wonder
[2026-09-14 00:25:45,348] [INFO] [__main__] : Fetching Character data for Haru Urara
[2026-09-14 00:25:48,093] [INFO] [__main__] : Fetching Character data for Hishi Akebono
[2026-09-14 00:25:49,010] [INFO] [__main__] : Fetching Character data for Hishi Amazon
[2026-09-14 00:25:50,542] [INFO] [__main__] : Fetching Character data for Hishi Miracle
[2026-09-14 00:25:51,303] [INFO] [__main__] : Fetching Character data for Hokko Tarumae
[2026-09-14 00:25:51,894] [INFO] [__main__] : Fetching Character data for Ikuno Dictus
[2026-09-14 00:25:53,004] [INFO] [__main__] : Fetching Character data for Inari One
[2026-09-14 00:25:53,812] [INFO] [__main__] : Fetching Character data for Ines Fujin
[2026-09-14 00:25:54,381] [INFO] [__main__] : Fetching Character data for Jungle Pocket
[2026-09-14 00:25:55,130] [INFO] [__main__] : Fetching Character data for K.S.Miracle
[2026-09-14 00:25:55,744] [INFO] [__main__] : Fetching Character data for Katsuragi Ace
[2026-09-14 00:25:56,290] [INFO] [__main__] : Fetching Character data for Kawakami Princess
[2026-09-14 00:25:57,133] [INFO] [__main__] : Fetching Character data for King Halo
[2026-09-14 00:25:58,066] [INFO] [__main__] : Fetching Character data for Kiseki
[2026-09-14 00:25:59,050] [INFO] [__main__] : Fetching Character data for Kitasan Black
[2026-09-14 00:25:59,908] [INFO] [__main__] : Fetching Character data for Logotype
[2026-09-14 00:26:00,646] [INFO] [__main__] : Fetching Character data for Loves Only You
[2026-09-14 00:26:01,397] [INFO] [__main__] : Fetching Character data for Lucky Lilac
[2026-09-14 00:26:02,294] [INFO] [__main__] : Fetching Character data for Manhattan Cafe
[2026-09-14 00:26:03,326] [INFO] [__main__] : Fetching Character data for Marche Lorraine
[2026-09-14 00:26:04,228] [INFO] [__main__] : Fetching Character data for Maruzensky
[2026-09-14 00:26:05,106] [INFO] [__main__] : Fetching Character data for Marvelous Sunday
[2026-09-14 00:26:06,443] [INFO] [__main__] : Fetching Character data for Matikanefukukitaru
[2026-09-14 00:26:07,582] [INFO] [__main__] : Fetching Character data for Matikanetannhauser
[2026-09-14 00:26:08,512] [INFO] [__main__] : Fetching Character data for Mayano Top Gun
[2026-09-14 00:26:09,586] [INFO] [__main__] : Fetching Character data for Meisho Doto
[2026-09-14 00:26:11,135] [INFO] [__main__] : Fetching Character data for Mejiro Ardan
[2026-09-14 00:26:12,167] [INFO] [__main__] : Fetching Character data for Mejiro Bright
[2026-09-14 00:26:12,983] [INFO] [__main__] : Fetching Character data for Mejiro Dober
[2026-09-14 00:26:13,981] [INFO] [__main__] : Fetching Character data for Mejiro McQueen
[2026-09-14 00:26:14,952] [INFO] [__main__] : Fetching Character data for Mejiro Palmer
[2026-09-14 00:26:15,902] [INFO] [__main__] : Fetching Character data for Mejiro Ramonu
[2026-09-14 00:26:16,715] [INFO] [__main__] : Fetching Character data for Mejiro Ryan
[2026-09-14 00:26:17,539] [INFO] [__main__] : Fetching Character data for Mihono Bourbon
[2026-09-14 00:26:18,450] [INFO] [__main__] : Fetching Character data for Mr. C.B.
[2026-09-14 00:26:19,572] [INFO] [__main__] : Fetching Character data for Nakayama Festa
[2026-09-14 00:26:20,639] [INFO] [__main__] : Fetching Character data for Narita Brian
[2026-09-14 00:26:21,593] [INFO] [__main__] : Fetching Character data for Narita Taishin
[2026-09-14 00:26:22,565] [INFO] [__main__] : Fetching Character data for Narita Top Road
[2026-09-14 00:26:23,525] [INFO] [__main__] : Fetching Character data for Neo Universe
[2026-09-14 00:26:24,507] [INFO] [__main__] : Fetching Character data for Nice Nature
[2026-09-14 00:26:25,367] [INFO] [__main__] : Fetching Character data for Nishino Flower
[2026-09-14 00:26:26,204] [INFO] [__main__] : Fetching Character data for No Reason
[2026-09-14 00:26:27,099] [INFO] [__main__] : Fetching Character data for North Flight
[2026-09-14 00:26:27,972] [INFO] [__main__] : Fetching Character data for Oguri Cap
[2026-09-14 00:26:30,002] [INFO] [__main__] : Fetching Character data for Orfevre
[2026-09-14 00:26:31,414] [INFO] [__main__] : Fetching Character data for Phalaenopsis
[2026-09-14 00:26:32,586] [INFO] [__main__] : Fetching Character data for Red Desire
[2026-09-14 00:26:33,523] [INFO] [__main__] : Fetching Character data for Rhein Kraft
[2026-09-14 00:26:34,453] [INFO] [__main__] : Fetching Character data for Rice Shower
[2026-09-14 00:26:36,601] [INFO] [__main__] : Fetching Character data for Rose Kingdom
[2026-09-14 00:26:39,122] [INFO] [__main__] : Fetching Character data for Royce and Royce
[2026-09-14 00:26:42,249] [INFO] [__main__] : Fetching Character data for Rulership
[2026-09-14 00:26:48,200] [INFO] [__main__] : Fetching Character data for Sakura Bakushin O
[2026-09-14 00:26:49,070] [INFO] [__main__] : Fetching Character data for Sakura Chitose O
[2026-09-14 00:26:52,609] [INFO] [__main__] : Fetching Character data for Sakura Chiyono O
[2026-09-14 00:26:53,681] [INFO] [__main__] : Fetching Character data for Sakura Laurel
[2026-09-14 00:26:54,651] [INFO] [__main__] : Fetching Character data for Samson Big
[2026-09-14 00:26:59,322] [INFO] [__main__] : Fetching Character data for Satono Crown
[2026-09-14 00:27:01,192] [INFO] [__main__] : Fetching Character data for Satono Diamond
[2026-09-14 00:27:02,042] [INFO] [__main__] : Fetching Character data for Seeking the Pearl
[2026-09-14 00:27:02,932] [INFO] [__main__] : Fetching Character data for Seiun Sky
[2026-09-14 00:27:03,944] [INFO] [__main__] : Fetching Character data for Shinko Windy
[2026-09-14 00:27:05,150] [INFO] [__main__] : Fetching Character data for Silence Suzuka
[2026-09-14 00:27:06,823] [INFO] [__main__] : Fetching Character data for Sirius Symboli
[2026-09-14 00:27:07,798] [INFO] [__main__] : Fetching Character data for Smart Falcon
[2026-09-14 00:27:09,732] [INFO] [__main__] : Fetching Character data for Sounds of Earth
[2026-09-14 00:27:12,111] [INFO] [__main__] : Fetching Character data for Special Week
[2026-09-14 00:27:15,235] [INFO] [__main__] : Fetching Character data for Stay Gold
[2026-09-14 00:27:17,147] [INFO] [__main__] : Fetching Character data for Still in Love
[2026-09-14 00:27:18,022] [INFO] [__main__] : Fetching Character data for Super Creek
[2026-09-14 00:27:19,342] [INFO] [__main__] : Fetching Character data for Sweep Tosho
[2026-09-14 00:27:20,268] [INFO] [__main__] : Fetching Character data for Symboli Kris S
[2026-09-14 00:27:21,155] [INFO] [__main__] : Fetching Character data for Symboli Rudolf
[2026-09-14 00:27:22,972] [INFO] [__main__] : Fetching Character data for T.M. Opera O
[2026-09-14 00:27:23,972] [INFO] [__main__] : Fetching Character data for Taiki Shuttle
[2026-09-14 00:27:24,890] [INFO] [__main__] : Fetching Character data for Tamamo Cross
[2026-09-14 00:27:25,799] [INFO] [__main__] : Fetching Character data for Tanino Gimlet
[2026-09-14 00:27:26,738] [INFO] [__main__] : Fetching Character data for Tap Dance City
[2026-09-14 00:27:27,761] [INFO] [__main__] : Fetching Character data for Titleholder
[2026-09-14 00:27:28,662] [INFO] [__main__] : Fetching Character data for Tokai Teio
[2026-09-14 00:27:29,673] [INFO] [__main__] : Fetching Character data for Tosen Jordan
[2026-09-14 00:27:30,636] [INFO] [__main__] : Fetching Character data for Transcend
[2026-09-14 00:27:31,527] [INFO] [__main__] : Fetching Character data for Tsurumaru Tsuyoshi
[2026-09-14 00:27:32,994] [INFO] [__main__] : Fetching Character data for Twin Turbo
[2026-09-14 00:27:34,996] [INFO] [__main__] : Fetching Character data for Verxina
[2026-09-14 00:27:35,898] [INFO] [__main__] : Fetching Character data for Victoire Pisa
[2026-09-14 00:27:36,865] [INFO] [__main__] : Fetching Character data for Vivlos
[2026-09-14 00:27:37,897] [INFO] [__main__] : Fetching Character data for Vodka
[2026-09-14 00:27:38,967] [INFO] [__main__] : Fetching Character data for Win Variation
[2026-09-14 00:27:39,992] [INFO] [__main__] : Fetching Character data for Winning Ticket
[2026-09-14 00:27:40,939] [INFO] [__main__] : Fetching Character data for Wonder Acute
[2026-09-14 00:27:41,941] [INFO] [__main__] : Fetching Character data for Yaeno Muteki
[2026-09-14 00:27:42,839] [INFO] [__main__] : Fetching Character data for Yamanin Zephyr
[2026-09-14 00:27:43,746] [INFO] [__main__] : Fetching Character data for Yukino Bijin
[2026-09-14 00:27:44,694] [INFO] [__main__] : Fetching Character data for Zenno Rob Roy
[2026-09-14 00:27:45,634] [INFO] [__main__] : Fetching Character data for Aoi Kiryuin
[2026-09-14 00:27:46,535] [INFO] [__main__] : Fetching Character data for Beauty Anshinzawa
[2026-09-14 00:27:47,381] [INFO] [__main__] : Fetching Character data for Bitter Glasse
[2026-09-14 00:27:49,312] [INFO] [__main__] : Fetching Character data for Byerley Turk
[2026-09-14 00:27:51,266] [INFO] [__main__] : Fetching Character data for Casino Drive
[2026-09-14 00:27:55,091] [INFO] [__main__] : Fetching Character data for Darley Arabian
[2026-09-14 00:27:58,149] [INFO] [__main__] : Fetching Character data for Etsuko Otonashi
[2026-09-14 00:27:59,775] [INFO] [__main__] : Fetching Character data for Godolphin Barb
[2026-09-14 00:28:00,947] [INFO] [__main__] : Fetching Character data for Haiseiko
[2026-09-14 00:28:01,839] [INFO] [__main__] : Fetching Character data for Happy Meek
[2026-09-14 00:28:02,888] [INFO] [__main__] : Fetching Character data for Junko Hosoe
[2026-09-14 00:28:03,794] [INFO] [__main__] : Fetching Character data for Kiyoko Hoshina
[2026-09-14 00:28:04,622] [INFO] [__main__] : Fetching Character data for Light Hello
[2026-09-14 00:28:05,498] [INFO] [__main__] : Fetching Character data for Little Cocon
[2026-09-14 00:28:06,360] [INFO] [__main__] : Fetching Character data for Mei Satake
[2026-09-14 00:28:07,176] [INFO] [__main__] : Fetching Character data for Misato Akasaka
[2026-09-14 00:28:08,043] [INFO] [__main__] : Fetching Character data for Montjeu
[2026-09-14 00:28:08,950] [INFO] [__main__] : Fetching Character data for Rigantona
[2026-09-14 00:28:09,813] [INFO] [__main__] : Fetching Character data for Riko Kashimoto
[2026-09-14 00:28:10,741] [INFO] [__main__] : Fetching Character data for Ryoka Tsurugi
[2026-09-14 00:28:11,607] [INFO] [__main__] : Fetching Character data for Saint Lite
[2026-09-14 00:28:12,508] [INFO] [__main__] : Fetching Character data for Sasami Anshinzawa
[2026-09-14 00:28:13,429] [INFO] [__main__] : Fetching Character data for Sonon Elfie
[2026-09-14 00:28:14,462] [INFO] [__main__] : Fetching Character data for Speed Symboli
[2026-09-14 00:28:17,129] [INFO] [__main__] : Fetching Character data for ST-2
[2026-09-14 00:28:18,067] [INFO] [__main__] : Fetching Character data for Sugar Lights
[2026-09-14 00:28:18,974] [INFO] [__main__] : Fetching Character data for Tazuna Hayakawa
[2026-09-14 00:28:19,941] [INFO] [__main__] : Fetching Character data for Tucker Bryne
[2026-09-14 00:28:20,907] [INFO] [__main__] : Fetching Character data for Venus Paques
[2026-09-14 00:28:21,923] [INFO] [__main__] : Fetching Character data for Yayoi Akikawa
[2026-09-14 00:28:22,861] [INFO] [__main__] : Fetching Character data for Yunohana Bloom
[2026-09-14 00:28:23,623] [INFO] [__main__] : Fetching Character data for All Haiyu
[2026-09-14 00:28:24,384] [INFO] [__main__] : Fetching Character data for Bravo Day
[2026-09-14 00:28:25,114] [INFO] [__main__] : Fetching Character data for Broye
[2026-09-14 00:28:25,853] [INFO] [__main__] : Fetching Character data for Daisangen
[2026-09-14 00:28:26,614] [INFO] [__main__] : Fetching Character data for Divinity
[2026-09-14 00:28:28,142] [INFO] [__main__] : Fetching Character data for Genjitsu Steal
[2026-09-14 00:28:29,042] [INFO] [__main__] : Fetching Character data for Hana Toujou
[2026-09-14 00:28:29,920] [INFO] [__main__] : Fetching Character data for Hard Control
[2026-09-14 00:28:30,845] [INFO] [__main__] : Fetching Character data for Kuronuma
[2026-09-14 00:28:31,643] [INFO] [__main__] : Fetching Character data for Mai
[2026-09-14 00:28:32,777] [INFO] [__main__] : Fetching Character data for Minamizaka
[2026-09-14 00:28:33,657] [INFO] [__main__] : Fetching Character data for Nana Izumoto
[2026-09-14 00:28:34,507] [INFO] [__main__] : Fetching Character data for Perry Steam
[2026-09-14 00:28:35,398] [INFO] [__main__] : Fetching Character data for Queen Berry
[2026-09-14 00:28:36,266] [INFO] [__main__] : Fetching Character data for Read Fantasy
[2026-09-14 00:28:37,147] [INFO] [__main__] : Fetching Character data for Ribbon Pian
[2026-09-14 00:28:38,094] [INFO] [__main__] : Fetching Character data for River Light
[2026-09-14 00:28:38,944] [INFO] [__main__] : Fetching Character data for Ru
[2026-09-14 00:28:39,760] [INFO] [__main__] : Fetching Character data for Satono's Trainer
[2026-09-14 00:28:40,703] [INFO] [__main__] : Fetching Character data for Shima
[2026-09-14 00:28:41,590] [INFO] [__main__] : Fetching Character data for Sun Visor
[2026-09-14 00:28:42,472] [INFO] [__main__] : Fetching Character data for To-Car
[2026-09-14 00:28:43,474] [INFO] [__main__] : Fetching Character data for Trainer
[2026-09-14 00:28:44,254] [INFO] [__main__] : Fetching Character data for Trainer Okita
[2026-09-14 00:28:44,990] [INFO] [__main__] : Fetching Character data for Trainer Tanabe
[2026-09-14 00:28:45,703] [INFO] [__main__] : Fetching Character data for Xbalanque
[2026-09-14 00:28:46,475] [INFO] [__main__] : Fetching Character data for Akitsu Teio
[2026-09-14 00:28:47,538] [INFO] [__main__] : Fetching Character data for Be True On Pulse
[2026-09-14 00:28:49,412] [INFO] [__main__] : Fetching Character data for Belno Light
[2026-09-14 00:28:50,727] [INFO] [__main__] : Fetching Character data for Bethe Sugar
[2026-09-14 00:28:51,771] [INFO] [__main__] : Fetching Character data for Black Ale
[2026-09-14 00:28:52,702] [INFO] [__main__] : Fetching Character data for Bright Rock
[2026-09-14 00:28:53,794] [INFO] [__main__] : Fetching Character data for Carrie's Room
[2026-09-14 00:28:54,827] [INFO] [__main__] : Fetching Character data for Clarizza
[2026-09-14 00:28:55,748] [INFO] [__main__] : Fetching Character data for Dicta Striker
[2026-09-14 00:28:56,796] [INFO] [__main__] : Fetching Character data for Dynamu Heroine
[2026-09-14 00:28:57,657] [INFO] [__main__] : Fetching Character data for Dynamu Painter
[2026-09-14 00:28:58,525] [INFO] [__main__] : Fetching Character data for Ellerslie Pride
[2026-09-14 00:28:59,530] [INFO] [__main__] : Fetching Character data for Eve Binti
[2026-09-14 00:29:00,528] [INFO] [__main__] : Fetching Character data for Face No More
[2026-09-14 00:29:01,634] [INFO] [__main__] : Fetching Character data for Folkqueen
[2026-09-14 00:29:02,560] [INFO] [__main__] : Fetching Character data for Fujimasa March
[2026-09-14 00:29:03,440] [INFO] [__main__] : Fetching Character data for Fumino Nase
[2026-09-14 00:29:04,436] [INFO] [__main__] : Fetching Character data for Fuyuno Nakasumi
[2026-09-14 00:29:05,408] [INFO] [__main__] : Fetching Character data for Ginjirou Musaka
[2026-09-14 00:29:06,255] [INFO] [__main__] : Fetching Character data for God Hannibal
[2026-09-14 00:29:07,306] [INFO] [__main__] : Fetching Character data for Hidehito Nase
[2026-09-14 00:29:08,228] [INFO] [__main__] : Fetching Character data for Hiyori Kawamura
[2026-09-14 00:29:09,070] [INFO] [__main__] : Fetching Character data for Jo Kitahara
[2026-09-14 00:29:10,004] [INFO] [__main__] : Fetching Character data for Joy Maker
[2026-09-14 00:29:11,544] [INFO] [__main__] : Fetching Character data for Kouichi Shibasaki
[2026-09-14 00:29:12,502] [INFO] [__main__] : Fetching Character data for Kraft Univer
[2026-09-14 00:29:13,851] [INFO] [__main__] : Fetching Character data for Long Live Free
[2026-09-14 00:29:14,673] [INFO] [__main__] : Fetching Character data for Lord Royal
[2026-09-14 00:29:15,645] [INFO] [__main__] : Fetching Character data for Luna Swallow
[2026-09-14 00:29:16,501] [INFO] [__main__] : Fetching Character data for Masami Komiyama
[2026-09-14 00:29:17,322] [INFO] [__main__] : Fetching Character data for Massive Viking
[2026-09-14 00:29:17,926] [INFO] [__main__] : Fetching Character data for Meikun Tsukasa
[2026-09-14 00:29:18,504] [INFO] [__main__] : Fetching Character data for Merry Beauty
[2026-09-14 00:29:19,050] [INFO] [__main__] : Fetching Character data for Meteor Selenus
[2026-09-14 00:29:19,601] [INFO] [__main__] : Fetching Character data for Michelle My Baby
[2026-09-14 00:29:20,305] [INFO] [__main__] : Fetching Character data for Mill Wakaba
[2026-09-14 00:29:20,892] [INFO] [__main__] : Fetching Character data for Mini the Lady
[2026-09-14 00:29:21,553] [INFO] [__main__] : Fetching Character data for Miss Armagnac
[2026-09-14 00:29:22,181] [INFO] [__main__] : Fetching Character data for Moonlight Lunacy
[2026-09-14 00:29:22,817] [INFO] [__main__] : Fetching Character data for Norn Ace
[2026-09-14 00:29:23,424] [INFO] [__main__] : Fetching Character data for Obey Your Master
[2026-09-14 00:29:24,019] [INFO] [__main__] : Fetching Character data for Okan Maker
[2026-09-14 00:29:24,614] [INFO] [__main__] : Fetching Character data for Romance Bubbly
[2026-09-14 00:29:25,826] [INFO] [__main__] : Fetching Character data for Royal Cherry
[2026-09-14 00:29:26,633] [INFO] [__main__] : Fetching Character data for Rudy Lemono
[2026-09-14 00:29:27,545] [INFO] [__main__] : Fetching Character data for Run to the Top
[2026-09-14 00:29:28,396] [INFO] [__main__] : Fetching Character data for Satias
[2026-09-14 00:29:29,208] [INFO] [__main__] : Fetching Character data for School Road
[2026-09-14 00:29:30,009] [INFO] [__main__] : Fetching Character data for Sekai Touha
[2026-09-14 00:29:30,863] [INFO] [__main__] : Fetching Character data for Sensuke Fujii
[2026-09-14 00:29:32,283] [INFO] [__main__] : Fetching Character data for Shirley Sky
[2026-09-14 00:29:33,263] [INFO] [__main__] : Fetching Character data for Shirogane Adieu
[2026-09-14 00:29:34,125] [INFO] [__main__] : Fetching Character data for South Heroine
[2026-09-14 00:29:34,983] [INFO] [__main__] : Fetching Character data for Tadashi Kouchi
[2026-09-14 00:29:35,976] [INFO] [__main__] : Fetching Character data for Thief Crow
[2026-09-14 00:29:37,088] [INFO] [__main__] : Fetching Character data for Toni Bianca
[2026-09-14 00:29:37,955] [INFO] [__main__] : Fetching Character data for Top Shunbetsu
[2026-09-14 00:29:38,841] [INFO] [__main__] : Fetching Character data for Ultra Ichiban
[2026-09-14 00:29:39,705] [INFO] [__main__] : Fetching Character data for Walk Dancer
[2026-09-14 00:29:40,917] [INFO] [__main__] : Fetching Character data for Yamano Thousand
[2026-09-14 00:29:41,829] [INFO] [__main__] : Fetching Character data for Alter the Soul
[2026-09-14 00:29:42,691] [INFO] [__main__] : Fetching Character data for Amagi Happiness
[2026-09-14 00:29:43,754] [INFO] [__main__] : Fetching Character data for Celestial Pole
[2026-09-14 00:29:44,667] [INFO] [__main__] : Fetching Character data for Dance Limerick
[2026-09-14 00:29:45,776] [INFO] [__main__] : Fetching Character data for Dear Charlotte
[2026-09-14 00:29:46,700] [INFO] [__main__] : Fetching Character data for Eastern Riddle
[2026-09-14 00:29:47,760] [INFO] [__main__] : Fetching Character data for Final Third
[2026-09-14 00:29:48,613] [INFO] [__main__] : Fetching Character data for Gorou Akeishi
[2026-09-14 00:29:49,610] [INFO] [__main__] : Fetching Character data for Iris Cider
[2026-09-14 00:29:50,464] [INFO] [__main__] : Fetching Character data for Ishigami Isao
[2026-09-14 00:29:51,317] [INFO] [__main__] : Fetching Character data for Matsukaze Ryu O
[2026-09-14 00:29:52,731] [INFO] [__main__] : Fetching Character data for Miyu Kuroda
[2026-09-14 00:29:53,576] [INFO] [__main__] : Fetching Character data for Momo
[2026-09-14 00:29:54,421] [INFO] [__main__] : Fetching Character data for Monsieur Sucre
[2026-09-14 00:29:55,251] [INFO] [__main__] : Fetching Character data for North Flight's Trainer
[2026-09-14 00:29:56,097] [INFO] [__main__] : Fetching Character data for Saki Abukuma
[2026-09-14 00:29:56,888] [INFO] [__main__] : Fetching Character data for Snow in Hazard
[2026-09-14 00:29:57,766] [INFO] [__main__] : Fetching Character data for Stella Girl
[2026-09-14 00:29:58,762] [INFO] [__main__] : Fetching Character data for Sugar Nation
[2026-09-14 00:29:59,630] [INFO] [__main__] : Fetching Character data for Sugar Safety
[2026-09-14 00:30:00,478] [INFO] [__main__] : Fetching Character data for Sundance Blaze
[2026-09-14 00:30:02,498] [INFO] [__main__] : Fetching Character data for Trainer Kawase
[2026-09-14 00:30:03,360] [INFO] [__main__] : Fetching Character data for Trainer Saruno
[2026-09-14 00:30:04,738] [INFO] [__main__] : Fetching Character data for Tsubaki Akeishi
[2026-09-14 00:30:05,649] [INFO] [__main__] : Fetching Character data for Yoshino Prevail
[2026-09-14 00:30:06,506] [INFO] [__main__] : Scrapper is succesful
